#-----------------------------------------------------------
# Vivado v2020.2 (64-bit)
# SW Build 3064766 on Wed Nov 18 09:12:45 MST 2020
# IP Build 3064653 on Wed Nov 18 14:17:31 MST 2020
# Start of session at: Tue Mar  9 19:26:06 2021
# Process ID: 14928
# Current directory: C:/Users/adria/OneDrive/Poèítaè/DE1/Digitalelectronics-1/04-Seven-segment display decoder/project_1display
# Command line: vivado.exe -gui_launcher_event rodinguilauncherevent17396 C:\Users\adria\OneDrive\Poèítaè\DE1\Digitalelectronics-1\04-Seven-segment display decoder\project_1display\project_1display.xpr
# Log file: C:/Users/adria/OneDrive/Poèítaè/DE1/Digitalelectronics-1/04-Seven-segment display decoder/project_1display/vivado.log
# Journal file: C:/Users/adria/OneDrive/Poèítaè/DE1/Digitalelectronics-1/04-Seven-segment display decoder/project_1display\vivado.jou
#-----------------------------------------------------------
start_guiopen_project {C:/Users/adria/OneDrive/Poèítaè/DE1/Digitalelectronics-1/04-Seven-segment display decoder/project_1display/project_1display.xpr}
update_compile_order -fileset sources_1

